// Jest Snapshot v1, https://goo.gl/fbAQLP

exports[`<Wrapper /> should render the heading 1`] = `
.c2 {
  color: #FAFAFA;
}

.c0 {
  background-color: #242423;
  position: relative;
  width: 100%;
  height: 100%;
}

.c3 {
  position: fixed;
  bottom: 0;
  width: 100%;
  pointer-events: none;
  z-index: -1;
}

.c1 {
  position: absolute;
  max-width: 126rem;
  min-width: 30rem;
  margin: 0 auto;
  top: 0;
  left: 0;
  right: 0;
  bottom: 0;
}

<section
  class="c0"
>
  <section
    class="c1"
  >
    <h1
      class="c2"
      color="white"
    >
      Wrapper
    </h1>
  </section>
  <img
    alt="wave"
    class="c3 wave"
    src="/img/wave.svg"
  />
</section>
`;
