// Jest Snapshot v1, https://goo.gl/fbAQLP

exports[`<Main /> should render the heading 1`] = `
.c2 {
  background-color: #242423;
  width: 100%;
  height: 100%;
  padding: 3.2rem;
  display: -webkit-box;
  display: -webkit-flex;
  display: -ms-flexbox;
  display: flex;
  -webkit-box-pack: space-evenly;
  -webkit-justify-content: space-evenly;
  -ms-flex-pack: space-evenly;
  justify-content: space-evenly;
  -webkit-align-items: center;
  -webkit-box-align: center;
  -ms-flex-align: center;
  align-items: center;
  color: #FAFAFA;
}

.c5 {
  width: 10rem;
}

.c4 {
  display: -webkit-box;
  display: -webkit-flex;
  display: -ms-flexbox;
  display: flex;
  -webkit-align-items: center;
  -webkit-box-align: center;
  -ms-flex-align: center;
  align-items: center;
}

.c4 .login--title {
  font-size: calc(3.2rem * 2);
}

.c7 {
  font-size: 3.2rem;
  font-weight: 400;
  line-height: calc(3.2rem * 1.2);
  max-width: 40rem;
}

.c3 {
  display: -webkit-box;
  display: -webkit-flex;
  display: -ms-flexbox;
  display: flex;
  -webkit-box-pack: center;
  -webkit-justify-content: center;
  -ms-flex-pack: center;
  justify-content: center;
  -webkit-align-items: center;
  -webkit-box-align: center;
  -ms-flex-align: center;
  align-items: center;
  -webkit-flex-direction: column;
  -ms-flex-direction: column;
  flex-direction: column;
  width: 50%;
}

.c9 {
  display: -webkit-box;
  display: -webkit-flex;
  display: -ms-flexbox;
  display: flex;
  -webkit-align-items: center;
  -webkit-box-align: center;
  -ms-flex-align: center;
  align-items: center;
  -webkit-box-pack: center;
  -webkit-justify-content: center;
  -ms-flex-pack: center;
  justify-content: center;
  width: 50%;
}

.c10 {
  width: min(30rem,100%);
  -webkit-align-self: flex-start;
  -ms-flex-item-align: start;
  align-self: flex-start;
}

.c8 {
  display: -webkit-box;
  display: -webkit-flex;
  display: -ms-flexbox;
  display: flex;
  -webkit-align-items: center;
  -webkit-box-align: center;
  -ms-flex-align: center;
  align-items: center;
  -webkit-box-pack: center;
  -webkit-justify-content: center;
  -ms-flex-pack: center;
  justify-content: center;
  gap: 1rem;
  width: 40rem;
  border-radius: 0.8rem;
  padding: 1.6rem;
  font-size: 1.8rem;
  font-weight: 500;
  cursor: pointer;
  -webkit-transition: filter 0.2s;
  transition: filter 0.2s;
  margin-top: 2.4rem;
  border: 0.2rem solid #FAFAFA;
  color: #FAFAFA;
  background-color: #242423;
}

.c8 .login--google-logo {
  width: 2.8rem;
  height: 2.8rem;
}

.c8:hover {
  -webkit-filter: brightness(0.8);
  filter: brightness(0.8);
}

.c0 {
  background-color: #242423;
  position: relative;
  width: 100%;
  height: 100%;
}

.c11 {
  position: fixed;
  bottom: 0;
  width: 100%;
  pointer-events: none;
}

.c1 {
  position: absolute;
  max-width: 126rem;
  min-width: 30rem;
  margin: 0 auto;
  top: 0;
  left: 0;
  right: 0;
  bottom: 0;
  z-index: 10;
}

.c6 {
  color: #FAFAFA;
}

@media (max-width:1170px) {
  .c3 {
    -webkit-box-pack: center;
    -webkit-justify-content: center;
    -ms-flex-pack: center;
    justify-content: center;
    -webkit-align-items: center;
    -webkit-box-align: center;
    -ms-flex-align: center;
    align-items: center;
    width: 100%;
  }
}

@media (max-width:1170px) {
  .c9 {
    display: none;
  }
}

@media (max-width:450px) {
  .c8 {
    width: 100%;
  }
}

<section
  class="c0"
>
  <section
    class="c1"
  >
    <main
      class="c2"
    >
      <div
        class="c3"
      >
        <div
          class="c4"
        >
          <img
            alt="Logo do projeto"
            class="c5"
            src="/img/logo.svg"
          />
          <h1
            class="c6 login--title"
            color="white"
          >
            DWallet
          </h1>
        </div>
        <p
          class="c7"
        >
          Seu sistema de balanceamento de carteira
        </p>
        <button
          class="c8"
        >
          <img
            alt="google logo"
            class="login--google-logo"
            src="/icons/google.svg"
          />
          Entrar com o Google
        </button>
      </div>
      <div
        class="c9"
      >
        <img
          alt="Uma carteira"
          class="c10"
          src="/img/hero.svg"
        />
      </div>
    </main>
  </section>
  <img
    alt="wave"
    class="c11 wave"
    src="/img/wave.svg"
  />
</section>
`;
